Mapping:

  var0:0	<-> 	 h_hasx2()
  var0:1	<-> 	 not(h_hasx2())
  var1:0	<-> 	 h_x1empty()
  var1:1	<-> 	 not(h_x1empty())
  var2:0	<-> 	 vgoal()
  var2:1	<-> 	 not(vgoal())
  var3:0	<-> 	 vstart()
  var3:1	<-> 	 not(vstart())

Policy:

If holds: vgoal()
Execute: goal / SC / d=0

If holds: not(vstart())/h_x1empty()/h_hasx2()/not(vgoal())
Execute: 3_decx2_6  / SC / d=1

If holds: not(vstart())/not(h_x1empty())/not(h_hasx2())/not(vgoal())
Execute: 0_decx1_1_3  / SC / d=2

If holds: vstart()
Execute: 16_virtual_source_act_0  / SC / d=3

If holds: not(vstart())/not(h_x1empty())/h_hasx2()/not(vgoal())
Execute: 1_decx2_0  / SC / d=3

FSAP:

