Mapping:

  var0:0	<-> 	 allcollected()
  var0:1	<-> 	 not(allcollected())
  var1:0	<-> 	 h_carrying()
  var1:1	<-> 	 not(h_carrying())
  var2:0	<-> 	 vgoal()
  var2:1	<-> 	 not(vgoal())
  var3:0	<-> 	 vstart()
  var3:1	<-> 	 not(vstart())

Policy:

If holds: vgoal()
Execute: goal / SC / d=0

If holds: not(vstart())/allcollected()/h_carrying()/not(vgoal())
Execute: 3_movetodump_7  / SC / d=1

If holds: not(vstart())/not(allcollected())/not(h_carrying())/not(vgoal())
Execute: 0_collecttrash_1_3  / SC / d=2

If holds: vstart()
Execute: 8_virtual_source_act_0  / SC / d=3

If holds: not(vstart())/not(allcollected())/h_carrying()/not(vgoal())
Execute: 1_deposittrash_0  / SC / d=3

FSAP:

