Mapping:

  var0:0	<-> 	 allbrancheschopped()
  var0:1	<-> 	 not(allbrancheschopped())
  var1:0	<-> 	 h()
  var1:1	<-> 	 not(h())
  var2:0	<-> 	 vgoal()
  var2:1	<-> 	 not(vgoal())
  var3:0	<-> 	 vstart()
  var3:1	<-> 	 not(vstart())

Policy:

If holds: vgoal()
Execute: goal / SC / d=0

If holds: not(vstart())/allbrancheschopped()/not(h())/not(vgoal())
Execute: 2_felltree_6  / SC / d=1

If holds: vstart()
Execute: 16_virtual_source_act_0_2  / SC / d=2

If holds: not(vstart())/not(allbrancheschopped())/h()/not(vgoal())
Execute: 1_dropbranch_0_2  / SC / d=2

If holds: not(vstart())/not(allbrancheschopped())/not(h())/not(vgoal())
Execute: 0_chopbranch_1  / SC / d=3

FSAP:

