Mapping:

  var0:0	<-> 	 allvisited()
  var0:1	<-> 	 not(allvisited())
  var1:0	<-> 	 curhasunpushedkids()
  var1:1	<-> 	 not(curhasunpushedkids())
  var2:0	<-> 	 curisroot()
  var2:1	<-> 	 not(curisroot())
  var3:0	<-> 	 lenis0()
  var3:1	<-> 	 not(lenis0())
  var4:0	<-> 	 lenis1()
  var4:1	<-> 	 not(lenis1())
  var5:0	<-> 	 somenodesmissed()
  var5:1	<-> 	 not(somenodesmissed())
  var6:0	<-> 	 vgoal()
  var6:1	<-> 	 not(vgoal())
  var7:0	<-> 	 vstart()
  var7:1	<-> 	 not(vstart())

Policy:

If holds: vgoal()
Execute: goal / SC / d=0

If holds: not(vstart())/not(allvisited())/curisroot()/not(somenodesmissed())/not(lenis0())/not(curhasunpushedkids())/lenis1()/not(vgoal())
Execute: 34_extract_84  / NSC / d=1

If holds: not(vstart())/not(allvisited())/curisroot()/not(somenodesmissed())/lenis0()/not(curhasunpushedkids())/not(lenis1())/not(vgoal())
Execute: 36_rootiscur2q_34_35  / NSC / d=2

If holds: vstart()
Execute: 128_virtual_source_act_36  / NSC / d=3

FSAP:

