Mapping:

  var0:0	<-> 	 h_curinserted()
  var0:1	<-> 	 not(h_curinserted())
  var1:0	<-> 	 h_curispophead1()
  var1:1	<-> 	 not(h_curispophead1())
  var2:0	<-> 	 vgoal()
  var2:1	<-> 	 not(vgoal())
  var3:0	<-> 	 vstart()
  var3:1	<-> 	 not(vstart())

Policy:

If holds: vgoal()
Execute: goal / SC / d=0

If holds: not(vstart())/not(h_curinserted())/h_curispophead1()/not(vgoal())
Execute: 2_insert2_1_9  / SC / d=1

If holds: not(vstart())/not(h_curinserted())/not(h_curispophead1())/not(vgoal())
Execute: 0_pophead1_2  / SC / d=2

If holds: vstart()
Execute: 16_virtual_source_act_0  / SC / d=3

If holds: not(vstart())/h_curinserted()/not(h_curispophead1())/not(vgoal())
Execute: 1_gethead1_0  / SC / d=3

FSAP:

